[dotenv@17.2.3] injecting env (4) from .env -- tip: ≡ƒöÉ encrypt with Dotenvx: https://dotenvx.com
--- Gemini API Test ---
≡ƒöæ Key found: AIzaSyB0...
≡ƒñû Attempting to connect to model: gemini-pro
node : 
At line:1 char:1
+ node test-gemini.js > test-output.txt 2>&1
+ ~~~~~~~~~~~~~~~~~~~~~~~~~~~~~~~~~~~~~~~~~~
    + CategoryInfo          : NotSpecified: (:String) [], Re 
   moteException
    + FullyQualifiedErrorId : NativeCommandError
 
Γ¥î API Error Details:
Message: [GoogleGenerativeAI Error]: Error fetching from http
s://generativelanguage.googleapis.com/v1beta/models/gemini-pr
o:generateContent: [404 Not Found] models/gemini-pro is not 
found for API version v1beta, or is not supported for 
generateContent. Call ListModels to see the list of 
available models and their supported methods.
